receive unexpected message 00041 with 1240
receive unexpected message 00031 with 1230
receive unexpected message 00042 with 1240
receive unexpected message 00033 with 1230
receive unexpected message 00043 with 1240
receive unexpected message 00034 with 1230
receive unexpected message 00035 with 1230
receive unexpected message 00045 with 1receive unexpected message 00021 with 1420
240
receive unexpected message 00022 with 1320
receive unexpected message 00024 with 1320
receive unexpected message 00025 with 1420
receive unexpected message 00033 with 1430
receive unexpected message 00034 with 1430
receive unexpected message 00035 with 1230
receive unexpected message 00021 with 1420
receive unexpected message 00024 with 1420
receive unexpected message 00031 with 1430
receive unexpected message 00032 with 1430
receive unexpected message 00044 with 1240
receive unexpected message 00041 with 1240
receive unexpected message 00043 with 1340
receive unexpected message 00044 with 1240
receive unexpected message 00045 with 1340
receive unexpected message 00041 with 1240
receive unexpected message 00042 with 1340
receive unexpected message 00045 with 1240
receive unexpected message 00041 with 1340
receive unexpected message 00021 with 1320
receive unexpected message 00023 with 1420
receive unexpected message 00025 with 1320
receive unexpected message 00021 with 1420
receive unexpected message 00023 with 1320
receive unexpected message 00025 with 1420
receive unexpected message 00044 with 1340
receive unexpected message 00045 with 1240
receive unexpected message 00044 with 1340
receive unexpected message 00045 with 1240
receive unexpected message 00044 with 1240
receive unexpected message 00045 with 1240
receive unexpected message 00044 with 1340
receive unexpected message 00045 with 1240
receive unexpected message 00045 with 1340
receive unexpected message 00044 with 1240
receive unexpected message 00044 with 1240
receive unexpected message 00045 with 1340
receive unexpected message 00033 with 1230
receive unexpected message 00035 with 1430
receive unexpected message 00033 with 1230
receive unexpected message 00034 with 1430
receive unexpected message 00035 with 1430
receive unexpected message 00031 with 1230
receive unexpected message 00033 with 1430
receive unexpected message 00035 with 1230
receive unexpected message 00031 with 1230
receive unexpected message 00033 with 1230
receive unexpected message 00034 with 1230
receive unexpected message 00035 with 1230
receive unexpected message 00031 with 1230
receive unexpected message 00033 with 1230
receive unexpected message 00034 with 1230
receive unexpected message 00035 with 1230
receive unexpected message 00045 with 1240
receive unexpected message 00044 with 1240
receive unexpected message 00044 with 1240
receive unexpected message 00045 with 1240
receive unexpected message 00044 with 1240
receive unexpected message 00045 with 1240
receive unexpected message 00045 with 1240
receive unexpected message 00044 with 1240
receive unexpected message 00045 with 1240
receive unexpected message 00044 with 1240
receive unexpected message 00045 with 1240
receive unexpected message 00044 with 1240
receive unexpected message 00045 with 1240
receive unexpected message 00044 with 1240
receive unexpected message 00033 with 1230
receive unexpected message 00034 with 1230
receive unexpected message 00035 with 1230
receive unexpected message 00031 with 1230
receive unexpected message 00033 with 1230
receive unexpected message 00034 with 1230
receive unexpected message 00035 with 1receive unexpected message receive unexpected message 00031 with 1430
receive unexpected message 00031 with 1430
receive unexpected message 00033 with 1430
receive unexpected message 00034 with 1430
receive unexpected message 00035 with 1430
receive unexpected message 00031 with 1430
receive unexpected message 00033 with 1430
receive unexpected message 00034 with 1430
receive unexpected message 00035 with 1430
receive unexpected message 00031 with 1430
receive unexpected message 00033 with 1430
receive unexpected message 00034 with 1430
receive unexpected message 00035 with 1430
receive unexpected message 00031 with 1430
receive unexpected message 00033 with 1430
230
receive unexpected message 00035 with 1230
receive unexpected message 00031 with 1230
receive unexpected message 00033 with 1230
receive unexpected message 00034 with 1230
receive unexpected message 00035 with 1230
receive unexpected message 00031 with 1230
receive unexpected message 00033 with 1230
receive unexpected message 00034 with 1230
receive unexpected message 00035 with 1230
receive unexpected message 00031 with 1230
receive unexpected message 00033 with 1230
receive unexpected message 00034 with 1230
receive unexpected message 00035 with 1230
receive unexpected message 00031 with 1230
receive unexpected message 00033 with 1230
receive unexpected message 00034 with 1230
receive unexpected message 00035 with 1230
receive unexpected message 00031 with 1230
receive unexpected message 00033 with 1230
receive unexpected message 00034 with 1230
receive unexpected message 00035 with 1230
00044 with 1340
receive unexpected message 00034 with 1430
receive unexpected message 00035 with 1430
receive unexpected message 00031 with 1430
receive unexpected message 00033 with 1430
receive unexpected message 00034 with 1430
receive unexpected message 00035 with 1430
receive unexpected message 00031 with 1430
receive unexpected message 00033 with 1430
receive unexpected message 00034 with 1430
receive unexpected message 00035 with 1430
receive unexpected message 00031 with 1430
receive unexpected message 00033 with 1430
receive unexpected message 00034 with 1430
receive unexpected message 00035 with 1430
receive unexpected message 00031 with 1430
receive unexpected message 00033 with 1430
receive unexpected message 00034 with 1430
receive unexpected message 00035 with 1430
receive unexpected message 00031 with 1430
receive unexpected message 00033 with 1430
receive unexpected message 00034 with 1430
receive unexpected message 00035 with 1430
receive unexpected message 00031 with 1430
receive unexpected message 00033 with 1430
receive unexpected message 00034 with 1430
receive unexpected message 00035 with 1430
receive unexpected message 00031 with 1430
receive unexpected message 00033receive unexpected message 00031 with 1230
receive unexpected message 00034 with 1230
receive unexpected message 00035 with 1230
receive unexpected message 00044 with 1240
receive unexpected message 00045 with 1240
receive unexpected message 00031 with 1230
receive unexpected message 00033 with 1230
receive unexpected message 00034 with 1230
receive unexpected message 00035 with 1230
receive unexpected message 00044 with 1240
receive unexpected message 00045 with 1240
receive unexpected message 00031 with 1230
receive unexpected message 00033 with 1230
 with 1430
receive unexpected message 00034 with 1230
receive unexpected message 00035 with 1230
receive unexpected message 00045 with 1240
receive unexpected message 00031 with 1230
receive unexpected message 00044 with 1240
receive unexpected message 00033 with 1230
receive unexpected message 00045 with 1240
receive unexpected message 00034 with 1230
receive unexpected message 00035 with 1230
receive unexpected message 00044 with 1240
receive unexpected message 00045 with 1240
receive unexpected message 00031 with 1230
receive unexpected message 00033 with 1230
receive unexpected message 00034 with 1230
receive unexpected message 00035 with 1230
receive unexpected message 00044 with 1240
receive unexpected message 00045 with 1240
receive unexpected message 00031 with 1230
receive unexpected message 00033 with 1230
receive unexpected message 00034 with 1230
receive unexpected message 00044 with 1240
receive unexpected message 00035 with 1230
receive unexpected message 00045 with 1240
receive unexpected message 00031 with 1230
receive unexpected message 00044 with 1240
receive unexpected message 00033 with 1230
receive unexpected message 00045 with 1240
receive unexpected message 00034 with 1230
receive unexpected message 00035 with 1230
receive unexpected message 00044 with 1240
receive unexpected message 00045 with 1240
receive unexpected message 00031 with 1230
receive unexpected message 00033 with 1230
receive unexpected message 00034 with 1230
receive unexpected message 00035 with 1230
receive unexpected message 00044 with 1240
receive unexpected message 00045 with 1240
receive unexpected message 00031 with 1230
receive unexpected message 00033 with 1230
receive unexpected message 00034 with 1230
receive unexpected message 00044 with 1240
receive unexpected message 00035 with 1230
receive unexpected message 00045 with 1240
receive unexpected message 00044 with 1240
receive unexpected message 00031 with 1230
receive unexpected message 00045 with 1240
receive unexpected message 00033 with 1230
receive unexpected message 00034 with 1230
receive unexpected message 00035 with 1230
receive unexpected message 00044 with 1240
receive unexpected message 00045 with 1240
receive unexpected message 00031 with 1230
receive unexpected message 00033 with 1230
receive unexpected message 00033 with 1230
receive unexpected message 00034 with 1230
receive unexpected message 00035 with 1230
receive unexpected message 00031 with 1430
receive unexpected message 00044 with 1340
receive unexpected message 00033 with 1230
receive unexpected message 00034 with 1430
receive unexpected message 00035 with 1230
receive unexpected message 00044 with 1340
receive unexpected message 00031 with 1230
receive unexpected message 00034 with 1230
receive unexpected message 00031 with 1230
receive unexpected message 00034 with 1230
receive unexpected message 00035 with 1230
receive unexpected message 00034 with 1230
receive unexpected message 00031 with 1230
receive unexpected message 00034 with 1430
receive unexpected message 00031 with 1230
receive unexpected message 00034 with 1430
receive unexpected message 00034 with 1230
receive unexpected message 00031 with 1430
receive unexpected message 00034 with 1230
receive unexpected message 00034 with 1430
receive unexpected message 00031 with 1230
receive unexpected message 00031 with 1430
receive unexpected message 00034 with 1230
receive unexpected message 00031 with 1430
receive unexpected message 00034 with 1230
receive unexpected message 00034 with 1430
receive unexpected message 00031 with 1230
receive unexpected message 00034 with 1430
receive unexpected message 00034 with 1230
receive unexpected message 00034 with 1430
receive unexpected message 00034 with 1230
receive unexpected message 00034 with 1430
