Source files that end in .c will be compiled automatically with gcc,
while source files that end in .cpp will be compiled automatically with g++.
For those that prefer C, they can either use the provided C++
argument parser and write everything else in C, or delete the
provided main.cpp and start from scratch.
Those who have both .c and .cpp files should ensure to have a compatible ABI when calling C functions from C++ (see `hello.h` on how to do this).

My PID: 11134
From a new terminal type `kill -SIGINT 11134` or `kill -SIGTERM 11134` to stop processing packets

My ID: 4

List of resolved hosts is:
==========================
1
Human-readable IP: 127.0.0.1
Machine-readable IP: 16777343
Human-readbale Port: 11001
Machine-readbale Port: 63786

2
Human-readable IP: 127.0.0.1
Machine-readable IP: 16777343
Human-readbale Port: 11002
Machine-readbale Port: 64042

3
Human-readable IP: 127.0.0.1
Machine-readable IP: 16777343
Human-readbale Port: 11003
Machine-readbale Port: 64298

4
Human-readable IP: 127.0.0.1
Machine-readable IP: 16777343
Human-readbale Port: 11004
Machine-readbale Port: 64554


Path to output:
===============
/home/dcl/daProject/EPFL-CS-451-DAProject/test/proc04.output

Path to config:
===============
../test/config

Doing some initialization...

Broadcasting and delivering messages...

4 add 5 msgs to 1
4 send msg 00041 to 1
4 send msg 00042 to 1
4 send msg 00043 to 1
4 send msg 00044 to 1
4 send msg 00045 to 1
4 receive ack 0044 from 3
4 send msg 00041 to 1
4 send msg 00042 to 1
4 send msg 00043 to 1
4 send msg 00044 to 1
4 send msg 00045 to 1
4 receive ack 0041 from 3
4 send msg 00041 to 1
4 send msg 00042 to 1
4 receive ack 0042 from 2
4 send msg 00043 to 1
4 receive ack 0043 from 1
4 send msg 00044 to 1
4 send msg 00045 to 1
4 receive ack 0045 from 3
4 receive ack 0042 from 2
4 send msg 00041 to 1
4 send msg 00042 to 1
4 send msg 00044 to 1
4 send msg 00045 to 1
4 receive ack 0044 from 3
4 send msg 00041 to 1
4 send msg 00042 to 1
4 receive ack 0042 from 1
4 send msg 00044 to 1
4 send msg 00045 to 1
4 send msg 00041 to 1
4 send msg 00044 to 1
4 send msg 00045 to 1
4 receive ack 0041 from 2
4 send msg 00041 to 1
4 receive ack 0041 from 3
4 send msg 00044 to 1
4 send msg 00045 to 1
4 send msg 00041 to 1
4 receive ack 0041 from 1
4 send msg 00044 to 1
4 send msg 00045 to 1
4 send msg 00044 to 1
4 send msg 00045 to 1
4 receive ack 0044 from 2
4 send msg 00044 to 1
4 send msg 00045 to 1
4 receive ack 0045 from 3
4 send msg 00044 to 1
4 send msg 00045 to 1
4 send msg 00044 to 1
4 receive ack 0044 from 3
4 send msg 00045 to 1
4 send msg 00044 to 1
4 send msg 00045 to 1
4 send msg 00044 to 1
4 send msg 00045 to 1
4 send msg 00044 to 1
4 send msg 00045 to 1
4 send msg 00044 to 1
4 send msg 00045 to 1
4 send msg 00044 to 1
4 send msg 00045 to 1
4 send msg 00044 to 1
4 send msg 00045 to 1
4 send msg 00044 to 1
4 send msg 00045 to 1
4 send msg 00044 to 1
4 send msg 00045 to 1
4 send msg 00044 to 1
4 send msg 00045 to 1
4 send msg 00044 to 1
4 send msg 00045 to 1
4 send msg 00044 to 1
4 send msg 00045 to 1
4 send msg 00044 to 1
4 send msg 00045 to 1
4 send msg 00044 to 1
4 send msg 00045 to 1
4 send msg 00044 to 1
4 send msg 00045 to 1
4 send msg 00044 to 1
4 send msg 00045 to 1
4 send msg 00044 to 1
4 send msg 00045 to 1
4 send msg 00044 to 1
4 send msg 00045 to 1
4 send msg 00044 to 1
4 send msg 00045 to 1
4 send msg 00044 to 1
4 send msg 00045 to 1
4 send msg 00044 to 1
4 send msg 00045 to 1
4 send msg 00044 to 1
4 send msg 00045 to 1
4 send msg 00044 to 1
4 send msg 00045 to 1
4 send msg 00044 to 1
4 send msg 00045 to 1
4 send msg 00044 to 1
4 send msg 00045 to 1
4 send msg 00044 to 1
4 send msg 00045 to 1
4 send msg 00044 to 1
4 send msg 00045 to 1
4 send msg 00044 to 1
4 send msg 00045 to 1
4 send msg 00044 to 1
4 send msg 00045 to 1
4 send msg 00044 to 1
4 send msg 00045 to 1
4 send msg 00044 to 1
4 send msg 00045 to 1
4 send msg 00044 to 1
4 send msg 00045 to 1
4 send msg 00044 to 1
4 send msg 00045 to 1
4 send msg 00044 to 1
4 send msg 00045 to 1
4 send msg 00044 to 1
4 send msg 00045 to 1
4 send msg 00044 to 1
4 send msg 00045 to 1
4 send msg 00044 to 1
4 receive ack 0045 from 3
4 receive ack 0044 from 3
4 receive ack 0045 from 3
4 receive ack 0044 from 3
4 send msg 00045 to 1
4 send msg 00044 to 1
4 send msg 00045 to 1
4 send msg 00044 to 1
4 send msg 00045 to 1
4 send msg 00044 to 1
4 send msg 00045 to 1
4 send msg 00044 to 1
4 send msg 00045 to 1
4 send msg 00044 to 1
4 send msg 00045 to 1
4 send msg 00044 to 1
4 send msg 00045 to 1
4 send msg 00044 to 1
4 send msg 00045 to 1
4 send msg 00044 to 1
4 receive ack 0045 from 2
4 receive ack 0044 from 2
4 send msg 00045 to 1
4 receive ack 0045 from 1
4 receive ack 0044 from 2
4 receive ack 0045 from 3
4 send msg 00044 to 1
4 receive ack 0044 from 1
4 receive ack 0045 from 2
4 receive ack 0044 from 3
4 receive ack 0045 from 1
4 receive ack 0044 from 2
4 receive ack 0045 from 3
4 receive ack 0044 from 1
4 receive ack 0045 from 2
4 receive ack 0044 from 3
4 receive ack 0045 from 1
4 receive ack 0044 from 2
4 receive ack 0045 from 3
Immediately stopping network packet processing.
Writing output.
the log is b0041
the log is b0042
the log is b0043
the log is b0044
the log is b0045
